// Jest Snapshot v1, https://goo.gl/fbAQLP

exports[`should take a snapshot 1`] = `
<DocumentFragment>
  <div>
    <div>
      HEADER - Desmond Ademiluyi - 0
    </div>
    <div>
      <h1>
        Welcome Home Son 2 
      </h1>
      <button>
        Increase counter 1
      </button>
    </div>
    <div>
      FOOTER @2020 Desmond Ademiluyi 
    </div>
  </div>
</DocumentFragment>
`;
